/Library/Frameworks/Python.framework/Versions/3.12/bin/python3: Error while finding module specification for 'simple_tests.py' (ModuleNotFoundError: __path__ attribute not found on 'simple_tests' while trying to find 'simple_tests.py'). Try using 'simple_tests' instead of 'simple_tests.py' as the module name.
